Archive member included to satisfy reference by file (symbol)

/home/ashay/st/stm32cubeide_1.15.0/plugins/com.st.stm32cube.ide.mcu.externaltools.gnu-tools-for-stm32.12.3.rel1.linux64_1.0.100.202403111256/tools/bin/../lib/gcc/arm-none-eabi/12.3.1/../../../../arm-none-eabi/lib/thumb/v7e-m/nofp/libc_nano.a(libc_a-exit.o)
                              /home/ashay/st/stm32cubeide_1.15.0/plugins/com.st.stm32cube.ide.mcu.externaltools.gnu-tools-for-stm32.12.3.rel1.linux64_1.0.100.202403111256/tools/bin/../lib/gcc/arm-none-eabi/12.3.1/../../../../arm-none-eabi/lib/thumb/v7e-m/nofp/crt0.o (exit)
/home/ashay/st/stm32cubeide_1.15.0/plugins/com.st.stm32cube.ide.mcu.externaltools.gnu-tools-for-stm32.12.3.rel1.linux64_1.0.100.202403111256/tools/bin/../lib/gcc/arm-none-eabi/12.3.1/../../../../arm-none-eabi/lib/thumb/v7e-m/nofp/libc_nano.a(libc_a-findfp.o)
                              /home/ashay/st/stm32cubeide_1.15.0/plugins/com.st.stm32cube.ide.mcu.externaltools.gnu-tools-for-stm32.12.3.rel1.linux64_1.0.100.202403111256/tools/bin/../lib/gcc/arm-none-eabi/12.3.1/../../../../arm-none-eabi/lib/thumb/v7e-m/nofp/libc_nano.a(libc_a-exit.o) (__stdio_exit_handler)
/home/ashay/st/stm32cubeide_1.15.0/plugins/com.st.stm32cube.ide.mcu.externaltools.gnu-tools-for-stm32.12.3.rel1.linux64_1.0.100.202403111256/tools/bin/../lib/gcc/arm-none-eabi/12.3.1/../../../../arm-none-eabi/lib/thumb/v7e-m/nofp/libc_nano.a(libc_a-fwalk.o)
                              /home/ashay/st/stm32cubeide_1.15.0/plugins/com.st.stm32cube.ide.mcu.externaltools.gnu-tools-for-stm32.12.3.rel1.linux64_1.0.100.202403111256/tools/bin/../lib/gcc/arm-none-eabi/12.3.1/../../../../arm-none-eabi/lib/thumb/v7e-m/nofp/libc_nano.a(libc_a-findfp.o) (_fwalk_sglue)
/home/ashay/st/stm32cubeide_1.15.0/plugins/com.st.stm32cube.ide.mcu.externaltools.gnu-tools-for-stm32.12.3.rel1.linux64_1.0.100.202403111256/tools/bin/../lib/gcc/arm-none-eabi/12.3.1/../../../../arm-none-eabi/lib/thumb/v7e-m/nofp/libc_nano.a(libc_a-sprintf.o)
                              ./Src/main.o (sprintf)
/home/ashay/st/stm32cubeide_1.15.0/plugins/com.st.stm32cube.ide.mcu.externaltools.gnu-tools-for-stm32.12.3.rel1.linux64_1.0.100.202403111256/tools/bin/../lib/gcc/arm-none-eabi/12.3.1/../../../../arm-none-eabi/lib/thumb/v7e-m/nofp/libc_nano.a(libc_a-stdio.o)
                              /home/ashay/st/stm32cubeide_1.15.0/plugins/com.st.stm32cube.ide.mcu.externaltools.gnu-tools-for-stm32.12.3.rel1.linux64_1.0.100.202403111256/tools/bin/../lib/gcc/arm-none-eabi/12.3.1/../../../../arm-none-eabi/lib/thumb/v7e-m/nofp/libc_nano.a(libc_a-findfp.o) (__sread)
/home/ashay/st/stm32cubeide_1.15.0/plugins/com.st.stm32cube.ide.mcu.externaltools.gnu-tools-for-stm32.12.3.rel1.linux64_1.0.100.202403111256/tools/bin/../lib/gcc/arm-none-eabi/12.3.1/../../../../arm-none-eabi/lib/thumb/v7e-m/nofp/libc_nano.a(libc_a-memset.o)
                              /home/ashay/st/stm32cubeide_1.15.0/plugins/com.st.stm32cube.ide.mcu.externaltools.gnu-tools-for-stm32.12.3.rel1.linux64_1.0.100.202403111256/tools/bin/../lib/gcc/arm-none-eabi/12.3.1/../../../../arm-none-eabi/lib/thumb/v7e-m/nofp/crt0.o (memset)
/home/ashay/st/stm32cubeide_1.15.0/plugins/com.st.stm32cube.ide.mcu.externaltools.gnu-tools-for-stm32.12.3.rel1.linux64_1.0.100.202403111256/tools/bin/../lib/gcc/arm-none-eabi/12.3.1/../../../../arm-none-eabi/lib/thumb/v7e-m/nofp/libc_nano.a(libc_a-closer.o)
                              /home/ashay/st/stm32cubeide_1.15.0/plugins/com.st.stm32cube.ide.mcu.externaltools.gnu-tools-for-stm32.12.3.rel1.linux64_1.0.100.202403111256/tools/bin/../lib/gcc/arm-none-eabi/12.3.1/../../../../arm-none-eabi/lib/thumb/v7e-m/nofp/libc_nano.a(libc_a-stdio.o) (_close_r)
/home/ashay/st/stm32cubeide_1.15.0/plugins/com.st.stm32cube.ide.mcu.externaltools.gnu-tools-for-stm32.12.3.rel1.linux64_1.0.100.202403111256/tools/bin/../lib/gcc/arm-none-eabi/12.3.1/../../../../arm-none-eabi/lib/thumb/v7e-m/nofp/libc_nano.a(libc_a-reent.o)
                              /home/ashay/st/stm32cubeide_1.15.0/plugins/com.st.stm32cube.ide.mcu.externaltools.gnu-tools-for-stm32.12.3.rel1.linux64_1.0.100.202403111256/tools/bin/../lib/gcc/arm-none-eabi/12.3.1/../../../../arm-none-eabi/lib/thumb/v7e-m/nofp/libc_nano.a(libc_a-closer.o) (errno)
/home/ashay/st/stm32cubeide_1.15.0/plugins/com.st.stm32cube.ide.mcu.externaltools.gnu-tools-for-stm32.12.3.rel1.linux64_1.0.100.202403111256/tools/bin/../lib/gcc/arm-none-eabi/12.3.1/../../../../arm-none-eabi/lib/thumb/v7e-m/nofp/libc_nano.a(libc_a-impure.o)
                              /home/ashay/st/stm32cubeide_1.15.0/plugins/com.st.stm32cube.ide.mcu.externaltools.gnu-tools-for-stm32.12.3.rel1.linux64_1.0.100.202403111256/tools/bin/../lib/gcc/arm-none-eabi/12.3.1/../../../../arm-none-eabi/lib/thumb/v7e-m/nofp/libc_nano.a(libc_a-sprintf.o) (_impure_ptr)
[...]
Memory Configuration

Name             Origin             Length             Attributes
CCMRAM           0x10000000         0x00010000         xrw
RAM              0x20000000         0x00020000         xrw
FLASH            0x08000000         0x00100000         xr
*default*        0x00000000         0xffffffff

Linker script and memory map

LOAD /home/ashay/st/stm32cubeide_1.15.0/plugins/com.st.stm32cube.ide.mcu.externaltools.gnu-tools-for-stm32.12.3.rel1.linux64_1.0.100.202403111256/tools/bin/../lib/gcc/arm-none-eabi/12.3.1/thumb/v7e-m/nofp/crti.o
LOAD /home/ashay/st/stm32cubeide_1.15.0/plugins/com.st.stm32cube.ide.mcu.externaltools.gnu-tools-for-stm32.12.3.rel1.linux64_1.0.100.202403111256/tools/bin/../lib/gcc/arm-none-eabi/12.3.1/thumb/v7e-m/nofp/crtbegin.o
LOAD /home/ashay/st/stm32cubeide_1.15.0/plugins/com.st.stm32cube.ide.mcu.externaltools.gnu-tools-for-stm32.12.3.rel1.linux64_1.0.100.202403111256/tools/bin/../lib/gcc/arm-none-eabi/12.3.1/../../../../arm-none-eabi/lib/thumb/v7e-m/nofp/crt0.o
LOAD ./Src/i2c.o
LOAD ./Src/i2c_lcd.o
LOAD ./Src/itm.o
LOAD ./Src/led.o
LOAD ./Src/main.o
LOAD ./Src/syscalls.o
LOAD ./Src/sysmem.o
LOAD ./Src/system_stm32f4xx.o
LOAD ./Src/timer.o
LOAD ./Startup/startup_stm32f407vgtx.o
START GROUP
LOAD /home/ashay/st/stm32cubeide_1.15.0/plugins/com.st.stm32cube.ide.mcu.externaltools.gnu-tools-for-stm32.12.3.rel1.linux64_1.0.100.202403111256/tools/bin/../lib/gcc/arm-none-eabi/12.3.1/../../../../arm-none-eabi/lib/thumb/v7e-m/nofp/libc_nano.a
LOAD /home/ashay/st/stm32cubeide_1.15.0/plugins/com.st.stm32cube.ide.mcu.externaltools.gnu-tools-for-stm32.12.3.rel1.linux64_1.0.100.202403111256/tools/bin/../lib/gcc/arm-none-eabi/12.3.1/../../../../arm-none-eabi/lib/thumb/v7e-m/nofp/libm.a
END GROUP
START GROUP
LOAD /home/ashay/st/stm32cubeide_1.15.0/plugins/com.st.stm32cube.ide.mcu.externaltools.gnu-tools-for-stm32.12.3.rel1.linux64_1.0.100.202403111256/tools/bin/../lib/gcc/arm-none-eabi/12.3.1/thumb/v7e-m/nofp/libgcc.a
LOAD /home/ashay/st/stm32cubeide_1.15.0/plugins/com.st.stm32cube.ide.mcu.externaltools.gnu-tools-for-stm32.12.3.rel1.linux64_1.0.100.202403111256/tools/bin/../lib/gcc/arm-none-eabi/12.3.1/../../../../arm-none-eabi/lib/thumb/v7e-m/nofp/libc_nano.a
END GROUP
START GROUP
LOAD /home/ashay/st/stm32cubeide_1.15.0/plugins/com.st.stm32cube.ide.mcu.externaltools.gnu-tools-for-stm32.12.3.rel1.linux64_1.0.100.202403111256/tools/bin/../lib/gcc/arm-none-eabi/12.3.1/thumb/v7e-m/nofp/libgcc.a
LOAD /home/ashay/st/stm32cubeide_1.15.0/plugins/com.st.stm32cube.ide.mcu.externaltools.gnu-tools-for-stm32.12.3.rel1.linux64_1.0.100.202403111256/tools/bin/../lib/gcc/arm-none-eabi/12.3.1/../../../../arm-none-eabi/lib/thumb/v7e-m/nofp/libc_nano.a
LOAD /home/ashay/st/stm32cubeide_1.15.0/plugins/com.st.stm32cube.ide.mcu.externaltools.gnu-tools-for-stm32.12.3.rel1.linux64_1.0.100.202403111256/tools/bin/../lib/gcc/arm-none-eabi/12.3.1/../../../../arm-none-eabi/lib/thumb/v7e-m/nofp/libnosys.a
END GROUP
START GROUP
LOAD /home/ashay/st/stm32cubeide_1.15.0/plugins/com.st.stm32cube.ide.mcu.externaltools.gnu-tools-for-stm32.12.3.rel1.linux64_1.0.100.202403111256/tools/bin/../lib/gcc/arm-none-eabi/12.3.1/thumb/v7e-m/nofp/libgcc.a
LOAD /home/ashay/st/stm32cubeide_1.15.0/plugins/com.st.stm32cube.ide.mcu.externaltools.gnu-tools-for-stm32.12.3.rel1.linux64_1.0.100.202403111256/tools/bin/../lib/gcc/arm-none-eabi/12.3.1/../../../../arm-none-eabi/lib/thumb/v7e-m/nofp/libc_nano.a
LOAD /home/ashay/st/stm32cubeide_1.15.0/plugins/com.st.stm32cube.ide.mcu.externaltools.gnu-tools-for-stm32.12.3.rel1.linux64_1.0.100.202403111256/tools/bin/../lib/gcc/arm-none-eabi/12.3.1/../../../../arm-none-eabi/lib/thumb/v7e-m/nofp/libnosys.a
END GROUP
LOAD /home/ashay/st/stm32cubeide_1.15.0/plugins/com.st.stm32cube.ide.mcu.externaltools.gnu-tools-for-stm32.12.3.rel1.linux64_1.0.100.202403111256/tools/bin/../lib/gcc/arm-none-eabi/12.3.1/thumb/v7e-m/nofp/crtend.o
LOAD /home/ashay/st/stm32cubeide_1.15.0/plugins/com.st.stm32cube.ide.mcu.externaltools.gnu-tools-for-stm32.12.3.rel1.linux64_1.0.100.202403111256/tools/bin/../lib/gcc/arm-none-eabi/12.3.1/thumb/v7e-m/nofp/crtn.o
                0x20020000                        _estack = (ORIGIN (RAM) + LENGTH (RAM))
                0x00000200                        _Min_Heap_Size = 0x200
                0x00000400                        _Min_Stack_Size = 0x400

.isr_vector     0x08000000      0x188
                0x08000000                        . = ALIGN (0x4)
 *(.isr_vector)
 .isr_vector    0x08000000      0x188 ./Startup/startup_stm32f407vgtx.o
                0x08000000                g_pfnVectors
                0x08000188                        . = ALIGN (0x4)

.text           0x08000190     0x1248
                0x08000190                        . = ALIGN (0x4)
 *(.text)
 .text          0x08000190       0x40 /home/ashay/st/stm32cubeide_1.15.0/plugins/com.st.stm32cube.ide.mcu.externaltools.gnu-tools-for-stm32.12.3.rel1.linux64_1.0.100.202403111256/tools/bin/../lib/gcc/arm-none-eabi/12.3.1/thumb/v7e-m/nofp/crtbegin.o
 .text          0x080001d0       0xa0 /home/ashay/st/stm32cubeide_1.15.0/plugins/com.st.stm32cube.ide.mcu.externaltools.gnu-tools-for-stm32.12.3.rel1.linux64_1.0.100.202403111256/tools/bin/../lib/gcc/arm-none-eabi/12.3.1/../../../../arm-none-eabi/lib/thumb/v7e-m/nofp/libc_nano.a(libc_a-memchr.o)
                0x080001d0                memchr
 *(.text*)
 .text.DelayMs  0x08000270       0x50 ./Src/i2c.o
 .text.I2CStart
                0x080002c0       0x2c ./Src/i2c.o
                0x080002c0                I2CStart
 .text.I2CStop  0x080002ec       0x2c ./Src/i2c.o
                0x080002ec                I2CStop
 .text.I2CSendSlaveAddress
                0x08000318       0x34 ./Src/i2c.o
                0x08000318                I2CSendSlaveAddress
 .text.I2CSendData
                0x0800034c       0x3c ./Src/i2c.o
                0x0800034c                I2CSendData
 .text.I2CIsDeviceReady
                0x08000388       0x3c ./Src/i2c.o
                0x08000388                I2CIsDeviceReady
 .text.I2CInit  0x080003c4      0x120 ./Src/i2c.o
                0x080003c4                I2CInit
 .text.DelayMs  0x080004e4       0x50 ./Src/i2c_lcd.o
 .text.LcdWriteByte
                0x08000534       0x28 ./Src/i2c_lcd.o
                0x08000534                LcdWriteByte
 .text.LcdWrite
                0x0800055c       0x90 ./Src/i2c_lcd.o
                0x0800055c                LcdWrite
 .text.LcdInit  0x080005ec       0xc8 ./Src/i2c_lcd.o
                0x080005ec                LcdInit
 .text.LcdPuts  0x080006b4       0x4e ./Src/i2c_lcd.o
                0x080006b4                LcdPuts
 *fill*         0x08000702        0x2 
 .text.LedInit  0x08000704       0xb4 ./Src/led.o
                0x08000704                LedInit
 .text.LedOn    0x080007b8       0x2c ./Src/led.o
                0x080007b8                LedOn
 .text.LedOff   0x080007e4       0x2c ./Src/led.o
                0x080007e4                LedOff
 .text.main     0x08000810       0x54 ./Src/main.o
                0x08000810                main
 .text._sbrk    0x08000864       0x6c ./Src/sysmem.o
                0x08000864                _sbrk
 .text.SystemInit
                0x080008d0        0xc ./Src/system_stm32f4xx.o
                0x080008d0                SystemInit
 .text.DWT_Init
                0x080008dc       0x60 ./Src/system_stm32f4xx.o
                0x080008dc                DWT_Init
 .text.__NVIC_EnableIRQ
                0x0800093c       0x38 ./Src/timer.o
 .text.TimerInit
                0x08000974       0x70 ./Src/timer.o
                0x08000974                TimerInit
 .text.TIM7_IRQHandler
                0x080009e4       0x58 ./Src/timer.o
                0x080009e4                TIM7_IRQHandler
 .text.Reset_Handler
                0x08000a3c       0x50 ./Startup/startup_stm32f407vgtx.o
                0x08000a3c                Reset_Handler
 .text.Default_Handler
                0x08000a8c        0x2 ./Startup/startup_stm32f407vgtx.o
                0x08000a8c                RTC_Alarm_IRQHandler
                0x08000a8c                HASH_RNG_IRQHandler
                0x08000a8c                EXTI2_IRQHandler
                0x08000a8c                TIM8_CC_IRQHandler
                0x08000a8c                DebugMon_Handler
                0x08000a8c                TIM1_CC_IRQHandler
                0x08000a8c                DMA2_Stream5_IRQHandler
                0x08000a8c                HardFault_Handler
                0x08000a8c                DMA1_Stream5_IRQHandler
                0x08000a8c                SysTick_Handler
                0x08000a8c                PVD_IRQHandler
                0x08000a8c                SDIO_IRQHandler
                0x08000a8c                TAMP_STAMP_IRQHandler
                0x08000a8c                PendSV_Handler
                0x08000a8c                NMI_Handler
                0x08000a8c                CAN2_RX1_IRQHandler
                0x08000a8c                EXTI3_IRQHandler
                0x08000a8c                TIM8_TRG_COM_TIM14_IRQHandler
                0x08000a8c                TIM1_UP_TIM10_IRQHandler
                0x08000a8c                TIM8_UP_TIM13_IRQHandler
                0x08000a8c                I2C3_ER_IRQHandler
                0x08000a8c                EXTI0_IRQHandler
                0x08000a8c                I2C2_EV_IRQHandler
                0x08000a8c                DMA1_Stream2_IRQHandler
                0x08000a8c                CAN1_RX0_IRQHandler
                0x08000a8c                FPU_IRQHandler
                0x08000a8c                OTG_HS_WKUP_IRQHandler
                0x08000a8c                UsageFault_Handler
                0x08000a8c                CAN2_SCE_IRQHandler
                0x08000a8c                DMA2_Stream2_IRQHandler
                0x08000a8c                SPI1_IRQHandler
                0x08000a8c                TIM6_DAC_IRQHandler
                0x08000a8c                TIM1_BRK_TIM9_IRQHandler
                0x08000a8c                DCMI_IRQHandler
                0x08000a8c                CAN2_RX0_IRQHandler
                0x08000a8c                DMA2_Stream3_IRQHandler
                0x08000a8c                USART6_IRQHandler
                0x08000a8c                USART3_IRQHandler
                0x08000a8c                CRYP_IRQHandler
                0x08000a8c                CAN1_RX1_IRQHandler
                0x08000a8c                UART5_IRQHandler
                0x08000a8c                DMA2_Stream0_IRQHandler
                0x08000a8c                TIM4_IRQHandler
                0x08000a8c                I2C1_EV_IRQHandler
                0x08000a8c                DMA1_Stream6_IRQHandler
                0x08000a8c                DMA1_Stream1_IRQHandler
                0x08000a8c                UART4_IRQHandler
                0x08000a8c                TIM3_IRQHandler
                0x08000a8c                RCC_IRQHandler
                0x08000a8c                TIM8_BRK_TIM12_IRQHandler
                0x08000a8c                Default_Handler
                0x08000a8c                EXTI15_10_IRQHandler
                0x08000a8c                ADC_IRQHandler
                0x08000a8c                DMA1_Stream7_IRQHandler
                0x08000a8c                CAN2_TX_IRQHandler
                0x08000a8c                TIM5_IRQHandler
                0x08000a8c                DMA2_Stream7_IRQHandler
                0x08000a8c                I2C3_EV_IRQHandler
                0x08000a8c                EXTI9_5_IRQHandler
                0x08000a8c                RTC_WKUP_IRQHandler
                0x08000a8c                ETH_WKUP_IRQHandler
                0x08000a8c                SPI2_IRQHandler
                0x08000a8c                OTG_HS_EP1_IN_IRQHandler
                0x08000a8c                MemManage_Handler
                0x08000a8c                DMA1_Stream0_IRQHandler
                0x08000a8c                CAN1_TX_IRQHandler
                0x08000a8c                SVC_Handler
                0x08000a8c                EXTI4_IRQHandler
                0x08000a8c                FSMC_IRQHandler
                0x08000a8c                ETH_IRQHandler
                0x08000a8c                OTG_HS_EP1_OUT_IRQHandler
                0x08000a8c                WWDG_IRQHandler
                0x08000a8c                TIM2_IRQHandler
                0x08000a8c                OTG_FS_WKUP_IRQHandler
                0x08000a8c                TIM1_TRG_COM_TIM11_IRQHandler
                0x08000a8c                OTG_HS_IRQHandler
                0x08000a8c                EXTI1_IRQHandler
                0x08000a8c                USART2_IRQHandler
                0x08000a8c                I2C2_ER_IRQHandler
                0x08000a8c                DMA2_Stream1_IRQHandler
                0x08000a8c                CAN1_SCE_IRQHandler
                0x08000a8c                DMA2_Stream4_IRQHandler
                0x08000a8c                BusFault_Handler
                0x08000a8c                USART1_IRQHandler
                0x08000a8c                OTG_FS_IRQHandler
                0x08000a8c                SPI3_IRQHandler
                0x08000a8c                DMA1_Stream4_IRQHandler
                0x08000a8c                I2C1_ER_IRQHandler
                0x08000a8c                DMA2_Stream6_IRQHandler
                0x08000a8c                DMA1_Stream3_IRQHandler
 *fill*         0x08000a8e        0x2 
 .text.sprintf  0x08000a90       0x40 /home/ashay/st/stm32cubeide_1.15.0/plugins/com.st.stm32cube.ide.mcu.externaltools.gnu-tools-for-stm32.12.3.rel1.linux64_1.0.100.202403111256/tools/bin/../lib/gcc/arm-none-eabi/12.3.1/../../../../arm-none-eabi/lib/thumb/v7e-m/nofp/libc_nano.a(libc_a-sprintf.o)
                0x08000a90                sprintf
                0x08000a90                siprintf
 .text.__errno  0x08000ad0        0xc /home/ashay/st/stm32cubeide_1.15.0/plugins/com.st.stm32cube.ide.mcu.externaltools.gnu-tools-for-stm32.12.3.rel1.linux64_1.0.100.202403111256/tools/bin/../lib/gcc/arm-none-eabi/12.3.1/../../../../arm-none-eabi/lib/thumb/v7e-m/nofp/libc_nano.a(libc_a-errno.o)
                0x08000ad0                __errno
 .text.__libc_init_array
                0x08000adc       0x48 /home/ashay/st/stm32cubeide_1.15.0/plugins/com.st.stm32cube.ide.mcu.externaltools.gnu-tools-for-stm32.12.3.rel1.linux64_1.0.100.202403111256/tools/bin/../lib/gcc/arm-none-eabi/12.3.1/../../../../arm-none-eabi/lib/thumb/v7e-m/nofp/libc_nano.a(libc_a-init.o)
                0x08000adc                __libc_init_array
 .text.__retarget_lock_acquire_recursive
                0x08000b24        0x2 /home/ashay/st/stm32cubeide_1.15.0/plugins/com.st.stm32cube.ide.mcu.externaltools.gnu-tools-for-stm32.12.3.rel1.linux64_1.0.100.202403111256/tools/bin/../lib/gcc/arm-none-eabi/12.3.1/../../../../arm-none-eabi/lib/thumb/v7e-m/nofp/libc_nano.a(libc_a-lock.o)
                0x08000b24                __retarget_lock_acquire_recursive
 .text.__retarget_lock_release_recursive
                0x08000b26        0x2 /home/ashay/st/stm32cubeide_1.15.0/plugins/com.st.stm32cube.ide.mcu.externaltools.gnu-tools-for-stm32.12.3.rel1.linux64_1.0.100.202403111256/tools/bin/../lib/gcc/arm-none-eabi/12.3.1/../../../../arm-none-eabi/lib/thumb/v7e-m/nofp/libc_nano.a(libc_a-lock.o)
                0x08000b26                __retarget_lock_release_recursive
 .text._free_r  0x08000b28       0x94 /home/ashay/st/stm32cubeide_1.15.0/plugins/com.st.stm32cube.ide.mcu.externaltools.gnu-tools-for-stm32.12.3.rel1.linux64_1.0.100.202403111256/tools/bin/../lib/gcc/arm-none-eabi/12.3.1/../../../../arm-none-eabi/lib/thumb/v7e-m/nofp/libc_nano.a(libc_a-freer.o)
                0x08000b28                _free_r
 .text.sbrk_aligned
                0x08000bbc       0x44 /home/ashay/st/stm32cubeide_1.15.0/plugins/com.st.stm32cube.ide.mcu.externaltools.gnu-tools-for-stm32.12.3.rel1.linux64_1.0.100.202403111256/tools/bin/../lib/gcc/arm-none-eabi/12.3.1/../../../../arm-none-eabi/lib/thumb/v7e-m/nofp/libc_nano.a(libc_a-mallocr.o)
 .text._malloc_r
                0x08000c00      0x100 /home/ashay/st/stm32cubeide_1.15.0/plugins/com.st.stm32cube.ide.mcu.externaltools.gnu-tools-for-stm32.12.3.rel1.linux64_1.0.100.202403111256/tools/bin/../lib/gcc/arm-none-eabi/12.3.1/../../../../arm-none-eabi/lib/thumb/v7e-m/nofp/libc_nano.a(libc_a-mallocr.o)
                0x08000c00                _malloc_r
 .text.__malloc_lock
                0x08000d00        0xc /home/ashay/st/stm32cubeide_1.15.0/plugins/com.st.stm32cube.ide.mcu.externaltools.gnu-tools-for-stm32.12.3.rel1.linux64_1.0.100.202403111256/tools/bin/../lib/gcc/arm-none-eabi/12.3.1/../../../../arm-none-eabi/lib/thumb/v7e-m/nofp/libc_nano.a(libc_a-mlock.o)
                0x08000d00                __malloc_lock
 .text.__malloc_unlock
                0x08000d0c        0xc /home/ashay/st/stm32cubeide_1.15.0/plugins/com.st.stm32cube.ide.mcu.externaltools.gnu-tools-for-stm32.12.3.rel1.linux64_1.0.100.202403111256/tools/bin/../lib/gcc/arm-none-eabi/12.3.1/../../../../arm-none-eabi/lib/thumb/v7e-m/nofp/libc_nano.a(libc_a-mlock.o)
                0x08000d0c                __malloc_unlock
 .text.__ssputs_r
                0x08000d18       0xb6 /home/ashay/st/stm32cubeide_1.15.0/plugins/com.st.stm32cube.ide.mcu.externaltools.gnu-tools-for-stm32.12.3.rel1.linux64_1.0.100.202403111256/tools/bin/../lib/gcc/arm-none-eabi/12.3.1/../../../../arm-none-eabi/lib/thumb/v7e-m/nofp/libc_nano.a(libc_a-nano-svfprintf.o)
                0x08000d18                __ssputs_r
 *fill*         0x08000dce        0x2 
 .text._svfprintf_r
                0x08000dd0      0x1f8 /home/ashay/st/stm32cubeide_1.15.0/plugins/com.st.stm32cube.ide.mcu.externaltools.gnu-tools-for-stm32.12.3.rel1.linux64_1.0.100.202403111256/tools/bin/../lib/gcc/arm-none-eabi/12.3.1/../../../../arm-none-eabi/lib/thumb/v7e-m/nofp/libc_nano.a(libc_a-nano-svfprintf.o)
                0x08000dd0                _svfprintf_r
                0x08000dd0                _svfiprintf_r
 .text._printf_common
                0x08000fc8       0xda /home/ashay/st/stm32cubeide_1.15.0/plugins/com.st.stm32cube.ide.mcu.externaltools.gnu-tools-for-stm32.12.3.rel1.linux64_1.0.100.202403111256/tools/bin/../lib/gcc/arm-none-eabi/12.3.1/../../../../arm-none-eabi/lib/thumb/v7e-m/nofp/libc_nano.a(libc_a-nano-vfprintf_i.o)
                0x08000fc8                _printf_common
 *fill*         0x080010a2        0x2 
 .text._printf_i
                0x080010a4      0x240 /home/ashay/st/stm32cubeide_1.15.0/plugins/com.st.stm32cube.ide.mcu.externaltools.gnu-tools-for-stm32.12.3.rel1.linux64_1.0.100.202403111256/tools/bin/../lib/gcc/arm-none-eabi/12.3.1/../../../../arm-none-eabi/lib/thumb/v7e-m/nofp/libc_nano.a(libc_a-nano-vfprintf_i.o)
                0x080010a4                _printf_i
 .text.memmove  0x080012e4       0x34 /home/ashay/st/stm32cubeide_1.15.0/plugins/com.st.stm32cube.ide.mcu.externaltools.gnu-tools-for-stm32.12.3.rel1.linux64_1.0.100.202403111256/tools/bin/../lib/gcc/arm-none-eabi/12.3.1/../../../../arm-none-eabi/lib/thumb/v7e-m/nofp/libc_nano.a(libc_a-memmove.o)
                0x080012e4                memmove
 .text._sbrk_r  0x08001318       0x20 /home/ashay/st/stm32cubeide_1.15.0/plugins/com.st.stm32cube.ide.mcu.externaltools.gnu-tools-for-stm32.12.3.rel1.linux64_1.0.100.202403111256/tools/bin/../lib/gcc/arm-none-eabi/12.3.1/../../../../arm-none-eabi/lib/thumb/v7e-m/nofp/libc_nano.a(libc_a-sbrkr.o)
                0x08001318                _sbrk_r
 .text.memcpy   0x08001338       0x1c /home/ashay/st/stm32cubeide_1.15.0/plugins/com.st.stm32cube.ide.mcu.externaltools.gnu-tools-for-stm32.12.3.rel1.linux64_1.0.100.202403111256/tools/bin/../lib/gcc/arm-none-eabi/12.3.1/../../../../arm-none-eabi/lib/thumb/v7e-m/nofp/libc_nano.a(libc_a-memcpy-stub.o)
                0x08001338                memcpy
 .text._realloc_r
                0x08001354       0x5c /home/ashay/st/stm32cubeide_1.15.0/plugins/com.st.stm32cube.ide.mcu.externaltools.gnu-tools-for-stm32.12.3.rel1.linux64_1.0.100.202403111256/tools/bin/../lib/gcc/arm-none-eabi/12.3.1/../../../../arm-none-eabi/lib/thumb/v7e-m/nofp/libc_nano.a(libc_a-reallocr.o)
                0x08001354                _realloc_r
 .text._malloc_usable_size_r
                0x080013b0       0x10 /home/ashay/st/stm32cubeide_1.15.0/plugins/com.st.stm32cube.ide.mcu.externaltools.gnu-tools-for-stm32.12.3.rel1.linux64_1.0.100.202403111256/tools/bin/../lib/gcc/arm-none-eabi/12.3.1/../../../../arm-none-eabi/lib/thumb/v7e-m/nofp/libc_nano.a(libc_a-msizer.o)
                0x080013b0                _malloc_usable_size_r
 *(.glue_7)
 .glue_7        0x080013c0        0x0 linker stubs
 *(.glue_7t)
 .glue_7t       0x080013c0        0x0 linker stubs
 *(.eh_frame)
 .eh_frame      0x080013c0        0x0 /home/ashay/st/stm32cubeide_1.15.0/plugins/com.st.stm32cube.ide.mcu.externaltools.gnu-tools-for-stm32.12.3.rel1.linux64_1.0.100.202403111256/tools/bin/../lib/gcc/arm-none-eabi/12.3.1/thumb/v7e-m/nofp/crtbegin.o
 *(.init)
 .init          0x080013c0        0x4 /home/ashay/st/stm32cubeide_1.15.0/plugins/com.st.stm32cube.ide.mcu.externaltools.gnu-tools-for-stm32.12.3.rel1.linux64_1.0.100.202403111256/tools/bin/../lib/gcc/arm-none-eabi/12.3.1/thumb/v7e-m/nofp/crti.o
                0x080013c0                _init
 .init          0x080013c4        0x8 /home/ashay/st/stm32cubeide_1.15.0/plugins/com.st.stm32cube.ide.mcu.externaltools.gnu-tools-for-stm32.12.3.rel1.linux64_1.0.100.202403111256/tools/bin/../lib/gcc/arm-none-eabi/12.3.1/thumb/v7e-m/nofp/crtn.o
 *(.fini)
 .fini          0x080013cc        0x4 /home/ashay/st/stm32cubeide_1.15.0/plugins/com.st.stm32cube.ide.mcu.externaltools.gnu-tools-for-stm32.12.3.rel1.linux64_1.0.100.202403111256/tools/bin/../lib/gcc/arm-none-eabi/12.3.1/thumb/v7e-m/nofp/crti.o
                0x080013cc                _fini
 .fini          0x080013d0        0x8 /home/ashay/st/stm32cubeide_1.15.0/plugins/com.st.stm32cube.ide.mcu.externaltools.gnu-tools-for-stm32.12.3.rel1.linux64_1.0.100.202403111256/tools/bin/../lib/gcc/arm-none-eabi/12.3.1/thumb/v7e-m/nofp/crtn.o
                0x080013d8                        . = ALIGN (0x4)
                0x080013d8                        _etext = .

.vfp11_veneer   0x080013d8        0x0
 .vfp11_veneer  0x080013d8        0x0 linker stubs

.v4_bx          0x080013d8        0x0
 .v4_bx         0x080013d8        0x0 linker stubs

.iplt           0x080013d8        0x0
 .iplt          0x080013d8        0x0 /home/ashay/st/stm32cubeide_1.15.0/plugins/com.st.stm32cube.ide.mcu.externaltools.gnu-tools-for-stm32.12.3.rel1.linux64_1.0.100.202403111256/tools/bin/../lib/gcc/arm-none-eabi/12.3.1/thumb/v7e-m/nofp/crtbegin.o

.rodata         0x080013d8       0x4c
                0x080013d8                        . = ALIGN (0x4)
 *(.rodata)
 .rodata        0x080013d8       0x17 ./Src/main.o
 *(.rodata*)
 .rodata._svfprintf_r.str1.1
                0x080013ef       0x11 /home/ashay/st/stm32cubeide_1.15.0/plugins/com.st.stm32cube.ide.mcu.externaltools.gnu-tools-for-stm32.12.3.rel1.linux64_1.0.100.202403111256/tools/bin/../lib/gcc/arm-none-eabi/12.3.1/../../../../arm-none-eabi/lib/thumb/v7e-m/nofp/libc_nano.a(libc_a-nano-svfprintf.o)
 .rodata._printf_i.str1.1
                0x08001400       0x22 /home/ashay/st/stm32cubeide_1.15.0/plugins/com.st.stm32cube.ide.mcu.externaltools.gnu-tools-for-stm32.12.3.rel1.linux64_1.0.100.202403111256/tools/bin/../lib/gcc/arm-none-eabi/12.3.1/../../../../arm-none-eabi/lib/thumb/v7e-m/nofp/libc_nano.a(libc_a-nano-vfprintf_i.o)
                0x08001424                        . = ALIGN (0x4)
 *fill*         0x08001422        0x2 

.ARM.extab      0x08001424        0x0
                0x08001424                        . = ALIGN (0x4)
 *(.ARM.extab* .gnu.linkonce.armextab.*)
                0x08001424                        . = ALIGN (0x4)

.ARM            0x08001424        0x8
                0x08001424                        . = ALIGN (0x4)
                0x08001424                        __exidx_start = .
 *(.ARM.exidx*)
 .ARM.exidx     0x08001424        0x8 /home/ashay/st/stm32cubeide_1.15.0/plugins/com.st.stm32cube.ide.mcu.externaltools.gnu-tools-for-stm32.12.3.rel1.linux64_1.0.100.202403111256/tools/bin/../lib/gcc/arm-none-eabi/12.3.1/../../../../arm-none-eabi/lib/thumb/v7e-m/nofp/libc_nano.a(libc_a-memchr.o)
                0x0800142c                        __exidx_end = .
                0x0800142c                        . = ALIGN (0x4)

.preinit_array  0x0800142c        0x0
                0x0800142c                        . = ALIGN (0x4)
                0x0800142c                        PROVIDE (__preinit_array_start = .)
 *(.preinit_array*)
                0x0800142c                        PROVIDE (__preinit_array_end = .)
                0x0800142c                        . = ALIGN (0x4)

.init_array     0x0800142c        0x4
                0x0800142c                        . = ALIGN (0x4)
                0x0800142c                        PROVIDE (__init_array_start = .)
 *(SORT_BY_NAME(.init_array.*))
 *(.init_array*)
 .init_array    0x0800142c        0x4 /home/ashay/st/stm32cubeide_1.15.0/plugins/com.st.stm32cube.ide.mcu.externaltools.gnu-tools-for-stm32.12.3.rel1.linux64_1.0.100.202403111256/tools/bin/../lib/gcc/arm-none-eabi/12.3.1/thumb/v7e-m/nofp/crtbegin.o
                0x08001430                        PROVIDE (__init_array_end = .)
                0x08001430                        . = ALIGN (0x4)

.fini_array     0x08001430        0x4
                0x08001430                        . = ALIGN (0x4)
                [!provide]                        PROVIDE (__fini_array_start = .)
 *(SORT_BY_NAME(.fini_array.*))
 *(.fini_array*)
 .fini_array    0x08001430        0x4 /home/ashay/st/stm32cubeide_1.15.0/plugins/com.st.stm32cube.ide.mcu.externaltools.gnu-tools-for-stm32.12.3.rel1.linux64_1.0.100.202403111256/tools/bin/../lib/gcc/arm-none-eabi/12.3.1/thumb/v7e-m/nofp/crtbegin.o
                [!provide]                        PROVIDE (__fini_array_end = .)
                0x08001434                        . = ALIGN (0x4)
                0x08001434                        _sidata = LOADADDR (.data)

.rel.dyn        0x08001434        0x0
 .rel.iplt      0x08001434        0x0 /home/ashay/st/stm32cubeide_1.15.0/plugins/com.st.stm32cube.ide.mcu.externaltools.gnu-tools-for-stm32.12.3.rel1.linux64_1.0.100.202403111256/tools/bin/../lib/gcc/arm-none-eabi/12.3.1/thumb/v7e-m/nofp/crtbegin.o

.data           0x20000000       0x54 load address 0x08001434
                0x20000000                        . = ALIGN (0x4)
                0x20000000                        _sdata = .
 *(.data)
 *(.data*)
 .data.SystemCoreClock
                0x20000000        0x4 ./Src/system_stm32f4xx.o
                0x20000000                SystemCoreClock
 .data._impure_ptr
                0x20000004        0x4 /home/ashay/st/stm32cubeide_1.15.0/plugins/com.st.stm32cube.ide.mcu.externaltools.gnu-tools-for-stm32.12.3.rel1.linux64_1.0.100.202403111256/tools/bin/../lib/gcc/arm-none-eabi/12.3.1/../../../../arm-none-eabi/lib/thumb/v7e-m/nofp/libc_nano.a(libc_a-impure.o)
                0x20000004                _impure_ptr
 .data._impure_data
                0x20000008       0x4c /home/ashay/st/stm32cubeide_1.15.0/plugins/com.st.stm32cube.ide.mcu.externaltools.gnu-tools-for-stm32.12.3.rel1.linux64_1.0.100.202403111256/tools/bin/../lib/gcc/arm-none-eabi/12.3.1/../../../../arm-none-eabi/lib/thumb/v7e-m/nofp/libc_nano.a(libc_a-impure.o)
                0x20000008                _impure_data
 *(.RamFunc)
 *(.RamFunc*)
                0x20000054                        . = ALIGN (0x4)
                0x20000054                        _edata = .
                0x08001488                        _siccmram = LOADADDR (.ccmram)

.igot.plt       0x20000054        0x0 load address 0x08001488
 .igot.plt      0x20000054        0x0 /home/ashay/st/stm32cubeide_1.15.0/plugins/com.st.stm32cube.ide.mcu.externaltools.gnu-tools-for-stm32.12.3.rel1.linux64_1.0.100.202403111256/tools/bin/../lib/gcc/arm-none-eabi/12.3.1/thumb/v7e-m/nofp/crtbegin.o

.ccmram         0x10000000        0x0 load address 0x08001488
                0x10000000                        . = ALIGN (0x4)
                0x10000000                        _sccmram = .
 *(.ccmram)
 *(.ccmram*)
                0x10000000                        . = ALIGN (0x4)
                0x10000000                        _eccmram = .
                0x10000000                        . = ALIGN (0x4)

.bss            0x20000054      0x170
                0x20000054                        _sbss = .
                0x20000054                        __bss_start__ = _sbss
 *(.bss)
 .bss           0x20000054       0x1c /home/ashay/st/stm32cubeide_1.15.0/plugins/com.st.stm32cube.ide.mcu.externaltools.gnu-tools-for-stm32.12.3.rel1.linux64_1.0.100.202403111256/tools/bin/../lib/gcc/arm-none-eabi/12.3.1/thumb/v7e-m/nofp/crtbegin.o
 *(.bss*)
 .bss.__sbrk_heap_end
                0x20000070        0x4 ./Src/sysmem.o
 .bss.count     0x20000074        0x4 ./Src/timer.o
                0x20000074                count
 .bss.flag.0    0x20000078        0x4 ./Src/timer.o
 .bss.__sf      0x2000007c      0x138 /home/ashay/st/stm32cubeide_1.15.0/plugins/com.st.stm32cube.ide.mcu.externaltools.gnu-tools-for-stm32.12.3.rel1.linux64_1.0.100.202403111256/tools/bin/../lib/gcc/arm-none-eabi/12.3.1/../../../../arm-none-eabi/lib/thumb/v7e-m/nofp/libc_nano.a(libc_a-findfp.o)
                0x2000007c                __sf
 .bss.errno     0x200001b4        0x4 /home/ashay/st/stm32cubeide_1.15.0/plugins/com.st.stm32cube.ide.mcu.externaltools.gnu-tools-for-stm32.12.3.rel1.linux64_1.0.100.202403111256/tools/bin/../lib/gcc/arm-none-eabi/12.3.1/../../../../arm-none-eabi/lib/thumb/v7e-m/nofp/libc_nano.a(libc_a-reent.o)
                0x200001b4                errno
 .bss.__lock___malloc_recursive_mutex
                0x200001b8        0x1 /home/ashay/st/stm32cubeide_1.15.0/plugins/com.st.stm32cube.ide.mcu.externaltools.gnu-tools-for-stm32.12.3.rel1.linux64_1.0.100.202403111256/tools/bin/../lib/gcc/arm-none-eabi/12.3.1/../../../../arm-none-eabi/lib/thumb/v7e-m/nofp/libc_nano.a(libc_a-lock.o)
                0x200001b8                __lock___malloc_recursive_mutex
 *fill*         0x200001b9        0x3 
 .bss.__malloc_sbrk_start
                0x200001bc        0x4 /home/ashay/st/stm32cubeide_1.15.0/plugins/com.st.stm32cube.ide.mcu.externaltools.gnu-tools-for-stm32.12.3.rel1.linux64_1.0.100.202403111256/tools/bin/../lib/gcc/arm-none-eabi/12.3.1/../../../../arm-none-eabi/lib/thumb/v7e-m/nofp/libc_nano.a(libc_a-mallocr.o)
                0x200001bc                __malloc_sbrk_start
 .bss.__malloc_free_list
                0x200001c0        0x4 /home/ashay/st/stm32cubeide_1.15.0/plugins/com.st.stm32cube.ide.mcu.externaltools.gnu-tools-for-stm32.12.3.rel1.linux64_1.0.100.202403111256/tools/bin/../lib/gcc/arm-none-eabi/12.3.1/../../../../arm-none-eabi/lib/thumb/v7e-m/nofp/libc_nano.a(libc_a-mallocr.o)
                0x200001c0                __malloc_free_list
 *(COMMON)
                0x200001c4                        . = ALIGN (0x4)
                0x200001c4                        _ebss = .
                0x200001c4                        __bss_end__ = _ebss

._user_heap_stack
                0x200001c4      0x604
                0x200001c8                        . = ALIGN (0x8)
 *fill*         0x200001c4        0x4 
                [!provide]                        PROVIDE (end = .)
                0x200001c8                        PROVIDE (_end = .)
                0x200003c8                        . = (. + _Min_Heap_Size)
 *fill*         0x200001c8      0x200 
                0x200007c8                        . = (. + _Min_Stack_Size)
 *fill*         0x200003c8      0x400 
                0x200007c8                        . = ALIGN (0x8)

/DISCARD/
 libc.a(*)
 libm.a(*)
 libgcc.a(*)

.ARM.attributes
                0x00000000       0x2a
 *(.ARM.attributes)
 .ARM.attributes
                0x00000000       0x1e /home/ashay/st/stm32cubeide_1.15.0/plugins/com.st.stm32cube.ide.mcu.externaltools.gnu-tools-for-stm32.12.3.rel1.linux64_1.0.100.202403111256/tools/bin/../lib/gcc/arm-none-eabi/12.3.1/thumb/v7e-m/nofp/crti.o
 .ARM.attributes
                0x0000001e       0x2e /home/ashay/st/stm32cubeide_1.15.0/plugins/com.st.stm32cube.ide.mcu.externaltools.gnu-tools-for-stm32.12.3.rel1.linux64_1.0.100.202403111256/tools/bin/../lib/gcc/arm-none-eabi/12.3.1/thumb/v7e-m/nofp/crtbegin.o
 .ARM.attributes
                0x0000004c       0x2e ./Src/i2c.o
 .ARM.attributes
                0x0000007a       0x2e ./Src/i2c_lcd.o
 .ARM.attributes
                0x000000a8       0x2e ./Src/led.o
 .ARM.attributes
                0x000000d6       0x2e ./Src/main.o
 .ARM.attributes
                0x00000104       0x2e ./Src/sysmem.o
 .ARM.attributes
                0x00000132       0x2e ./Src/system_stm32f4xx.o
 .ARM.attributes
                0x00000160       0x2e ./Src/timer.o
 .ARM.attributes
                0x0000018e       0x21 ./Startup/startup_stm32f407vgtx.o
 .ARM.attributes
                0x000001af       0x2e /home/ashay/st/stm32cubeide_1.15.0/plugins/com.st.stm32cube.ide.mcu.externaltools.gnu-tools-for-stm32.12.3.rel1.linux64_1.0.100.202403111256/tools/bin/../lib/gcc/arm-none-eabi/12.3.1/../../../../arm-none-eabi/lib/thumb/v7e-m/nofp/libc_nano.a(libc_a-findfp.o)
 .ARM.attributes
                0x000001dd       0x2e /home/ashay/st/stm32cubeide_1.15.0/plugins/com.st.stm32cube.ide.mcu.externaltools.gnu-tools-for-stm32.12.3.rel1.linux64_1.0.100.202403111256/tools/bin/../lib/gcc/arm-none-eabi/12.3.1/../../../../arm-none-eabi/lib/thumb/v7e-m/nofp/libc_nano.a(libc_a-sprintf.o)
 .ARM.attributes
                0x0000020b       0x2e /home/ashay/st/stm32cubeide_1.15.0/plugins/com.st.stm32cube.ide.mcu.externaltools.gnu-tools-for-stm32.12.3.rel1.linux64_1.0.100.202403111256/tools/bin/../lib/gcc/arm-none-eabi/12.3.1/../../../../arm-none-eabi/lib/thumb/v7e-m/nofp/libc_nano.a(libc_a-reent.o)
 .ARM.attributes
                0x00000239       0x2e /home/ashay/st/stm32cubeide_1.15.0/plugins/com.st.stm32cube.ide.mcu.externaltools.gnu-tools-for-stm32.12.3.rel1.linux64_1.0.100.202403111256/tools/bin/../lib/gcc/arm-none-eabi/12.3.1/../../../../arm-none-eabi/lib/thumb/v7e-m/nofp/libc_nano.a(libc_a-impure.o)
 .ARM.attributes
                0x00000267       0x2e /home/ashay/st/stm32cubeide_1.15.0/plugins/com.st.stm32cube.ide.mcu.externaltools.gnu-tools-for-stm32.12.3.rel1.linux64_1.0.100.202403111256/tools/bin/../lib/gcc/arm-none-eabi/12.3.1/../../../../arm-none-eabi/lib/thumb/v7e-m/nofp/libc_nano.a(libc_a-errno.o)
 .ARM.attributes
                0x00000295       0x2e /home/ashay/st/stm32cubeide_1.15.0/plugins/com.st.stm32cube.ide.mcu.externaltools.gnu-tools-for-stm32.12.3.rel1.linux64_1.0.100.202403111256/tools/bin/../lib/gcc/arm-none-eabi/12.3.1/../../../../arm-none-eabi/lib/thumb/v7e-m/nofp/libc_nano.a(libc_a-init.o)
 .ARM.attributes
                0x000002c3       0x2e /home/ashay/st/stm32cubeide_1.15.0/plugins/com.st.stm32cube.ide.mcu.externaltools.gnu-tools-for-stm32.12.3.rel1.linux64_1.0.100.202403111256/tools/bin/../lib/gcc/arm-none-eabi/12.3.1/../../../../arm-none-eabi/lib/thumb/v7e-m/nofp/libc_nano.a(libc_a-lock.o)
 .ARM.attributes
                0x000002f1       0x2e /home/ashay/st/stm32cubeide_1.15.0/plugins/com.st.stm32cube.ide.mcu.externaltools.gnu-tools-for-stm32.12.3.rel1.linux64_1.0.100.202403111256/tools/bin/../lib/gcc/arm-none-eabi/12.3.1/../../../../arm-none-eabi/lib/thumb/v7e-m/nofp/libc_nano.a(libc_a-freer.o)
 .ARM.attributes
                0x0000031f       0x2e /home/ashay/st/stm32cubeide_1.15.0/plugins/com.st.stm32cube.ide.mcu.externaltools.gnu-tools-for-stm32.12.3.rel1.linux64_1.0.100.202403111256/tools/bin/../lib/gcc/arm-none-eabi/12.3.1/../../../../arm-none-eabi/lib/thumb/v7e-m/nofp/libc_nano.a(libc_a-mallocr.o)
 .ARM.attributes
                0x0000034d       0x2e /home/ashay/st/stm32cubeide_1.15.0/plugins/com.st.stm32cube.ide.mcu.externaltools.gnu-tools-for-stm32.12.3.rel1.linux64_1.0.100.202403111256/tools/bin/../lib/gcc/arm-none-eabi/12.3.1/../../../../arm-none-eabi/lib/thumb/v7e-m/nofp/libc_nano.a(libc_a-mlock.o)
 .ARM.attributes
                0x0000037b       0x2e /home/ashay/st/stm32cubeide_1.15.0/plugins/com.st.stm32cube.ide.mcu.externaltools.gnu-tools-for-stm32.12.3.rel1.linux64_1.0.100.202403111256/tools/bin/../lib/gcc/arm-none-eabi/12.3.1/../../../../arm-none-eabi/lib/thumb/v7e-m/nofp/libc_nano.a(libc_a-nano-svfprintf.o)
 .ARM.attributes
                0x000003a9       0x2e /home/ashay/st/stm32cubeide_1.15.0/plugins/com.st.stm32cube.ide.mcu.externaltools.gnu-tools-for-stm32.12.3.rel1.linux64_1.0.100.202403111256/tools/bin/../lib/gcc/arm-none-eabi/12.3.1/../../../../arm-none-eabi/lib/thumb/v7e-m/nofp/libc_nano.a(libc_a-nano-vfprintf_i.o)
 .ARM.attributes
                0x000003d7       0x2e /home/ashay/st/stm32cubeide_1.15.0/plugins/com.st.stm32cube.ide.mcu.externaltools.gnu-tools-for-stm32.12.3.rel1.linux64_1.0.100.202403111256/tools/bin/../lib/gcc/arm-none-eabi/12.3.1/../../../../arm-none-eabi/lib/thumb/v7e-m/nofp/libc_nano.a(libc_a-memmove.o)
 .ARM.attributes
                0x00000405       0x2e /home/ashay/st/stm32cubeide_1.15.0/plugins/com.st.stm32cube.ide.mcu.externaltools.gnu-tools-for-stm32.12.3.rel1.linux64_1.0.100.202403111256/tools/bin/../lib/gcc/arm-none-eabi/12.3.1/../../../../arm-none-eabi/lib/thumb/v7e-m/nofp/libc_nano.a(libc_a-sbrkr.o)
 .ARM.attributes
                0x00000433       0x1c /home/ashay/st/stm32cubeide_1.15.0/plugins/com.st.stm32cube.ide.mcu.externaltools.gnu-tools-for-stm32.12.3.rel1.linux64_1.0.100.202403111256/tools/bin/../lib/gcc/arm-none-eabi/12.3.1/../../../../arm-none-eabi/lib/thumb/v7e-m/nofp/libc_nano.a(libc_a-memchr.o)
 .ARM.attributes
                0x0000044f       0x2e /home/ashay/st/stm32cubeide_1.15.0/plugins/com.st.stm32cube.ide.mcu.externaltools.gnu-tools-for-stm32.12.3.rel1.linux64_1.0.100.202403111256/tools/bin/../lib/gcc/arm-none-eabi/12.3.1/../../../../arm-none-eabi/lib/thumb/v7e-m/nofp/libc_nano.a(libc_a-memcpy-stub.o)
 .ARM.attributes
                0x0000047d       0x2e /home/ashay/st/stm32cubeide_1.15.0/plugins/com.st.stm32cube.ide.mcu.externaltools.gnu-tools-for-stm32.12.3.rel1.linux64_1.0.100.202403111256/tools/bin/../lib/gcc/arm-none-eabi/12.3.1/../../../../arm-none-eabi/lib/thumb/v7e-m/nofp/libc_nano.a(libc_a-reallocr.o)
 .ARM.attributes
                0x000004ab       0x2e /home/ashay/st/stm32cubeide_1.15.0/plugins/com.st.stm32cube.ide.mcu.externaltools.gnu-tools-for-stm32.12.3.rel1.linux64_1.0.100.202403111256/tools/bin/../lib/gcc/arm-none-eabi/12.3.1/../../../../arm-none-eabi/lib/thumb/v7e-m/nofp/libc_nano.a(libc_a-msizer.o)
 .ARM.attributes
                0x000004d9       0x1e /home/ashay/st/stm32cubeide_1.15.0/plugins/com.st.stm32cube.ide.mcu.externaltools.gnu-tools-for-stm32.12.3.rel1.linux64_1.0.100.202403111256/tools/bin/../lib/gcc/arm-none-eabi/12.3.1/thumb/v7e-m/nofp/crtn.o
OUTPUT(DAY10_ASSIGNEMENT_QUE3.elf elf32-littlearm)
LOAD linker stubs
LOAD /home/ashay/st/stm32cubeide_1.15.0/plugins/com.st.stm32cube.ide.mcu.externaltools.gnu-tools-for-stm32.12.3.rel1.linux64_1.0.100.202403111256/tools/bin/../lib/gcc/arm-none-eabi/12.3.1/../../../../arm-none-eabi/lib/thumb/v7e-m/nofp/libc.a
LOAD /home/ashay/st/stm32cubeide_1.15.0/plugins/com.st.stm32cube.ide.mcu.externaltools.gnu-tools-for-stm32.12.3.rel1.linux64_1.0.100.202403111256/tools/bin/../lib/gcc/arm-none-eabi/12.3.1/../../../../arm-none-eabi/lib/thumb/v7e-m/nofp/libm.a
LOAD /home/ashay/st/stm32cubeide_1.15.0/plugins/com.st.stm32cube.ide.mcu.externaltools.gnu-tools-for-stm32.12.3.rel1.linux64_1.0.100.202403111256/tools/bin/../lib/gcc/arm-none-eabi/12.3.1/thumb/v7e-m/nofp/libgcc.a

.debug_info     0x00000000     0x1f19
 .debug_info    0x00000000      0x644 ./Src/i2c.o
 .debug_info    0x00000644      0x383 ./Src/i2c_lcd.o
 .debug_info    0x000009c7      0x549 ./Src/led.o
 .debug_info    0x00000f10      0x168 ./Src/main.o
 .debug_info    0x00001078      0x168 ./Src/sysmem.o
 .debug_info    0x000011e0      0x53c ./Src/system_stm32f4xx.o
 .debug_info    0x0000171c      0x7cd ./Src/timer.o
 .debug_info    0x00001ee9       0x30 ./Startup/startup_stm32f407vgtx.o

.debug_abbrev   0x00000000      0x927
 .debug_abbrev  0x00000000      0x17f ./Src/i2c.o
 .debug_abbrev  0x0000017f      0x18d ./Src/i2c_lcd.o
 .debug_abbrev  0x0000030c      0x136 ./Src/led.o
 .debug_abbrev  0x00000442       0xfe ./Src/main.o
 .debug_abbrev  0x00000540       0xbc ./Src/sysmem.o
 .debug_abbrev  0x000005fc      0x158 ./Src/system_stm32f4xx.o
 .debug_abbrev  0x00000754      0x1af ./Src/timer.o
 .debug_abbrev  0x00000903       0x24 ./Startup/startup_stm32f407vgtx.o

.debug_aranges  0x00000000      0x1b8
 .debug_aranges
                0x00000000       0x68 ./Src/i2c.o
 .debug_aranges
                0x00000068       0x40 ./Src/i2c_lcd.o
 .debug_aranges
                0x000000a8       0x40 ./Src/led.o
 .debug_aranges
                0x000000e8       0x20 ./Src/main.o
 .debug_aranges
                0x00000108       0x20 ./Src/sysmem.o
 .debug_aranges
                0x00000128       0x38 ./Src/system_stm32f4xx.o
 .debug_aranges
                0x00000160       0x30 ./Src/timer.o
 .debug_aranges
                0x00000190       0x28 ./Startup/startup_stm32f407vgtx.o

.debug_rnglists
                0x00000000      0x127
 .debug_rnglists
                0x00000000       0x4a ./Src/i2c.o
 .debug_rnglists
                0x0000004a       0x2d ./Src/i2c_lcd.o
 .debug_rnglists
                0x00000077       0x2c ./Src/led.o
 .debug_rnglists
                0x000000a3       0x13 ./Src/main.o
 .debug_rnglists
                0x000000b6       0x13 ./Src/sysmem.o
 .debug_rnglists
                0x000000c9       0x26 ./Src/system_stm32f4xx.o
 .debug_rnglists
                0x000000ef       0x1f ./Src/timer.o
 .debug_rnglists
                0x0000010e       0x19 ./Startup/startup_stm32f407vgtx.o

.debug_macro    0x00000000    0x195fd
 .debug_macro   0x00000000       0xdc ./Src/i2c.o
 .debug_macro   0x000000dc      0xab4 ./Src/i2c.o
 .debug_macro   0x00000b90       0x2e ./Src/i2c.o
 .debug_macro   0x00000bbe       0x2f ./Src/i2c.o
 .debug_macro   0x00000bed       0x22 ./Src/i2c.o
 .debug_macro   0x00000c0f       0x8e ./Src/i2c.o
 .debug_macro   0x00000c9d       0x51 ./Src/i2c.o
 .debug_macro   0x00000cee      0x103 ./Src/i2c.o
 .debug_macro   0x00000df1       0x6a ./Src/i2c.o
 .debug_macro   0x00000e5b      0x1df ./Src/i2c.o
 .debug_macro   0x0000103a       0x1c ./Src/i2c.o
 .debug_macro   0x00001056       0x22 ./Src/i2c.o
 .debug_macro   0x00001078       0xd9 ./Src/i2c.o
 .debug_macro   0x00001151     0x102d ./Src/i2c.o
 .debug_macro   0x0000217e      0x11f ./Src/i2c.o
 .debug_macro   0x0000229d       0x11 ./Src/i2c.o
 .debug_macro   0x000022ae    0x15e3c ./Src/i2c.o
 .debug_macro   0x000180ea       0x4a ./Src/i2c.o
 .debug_macro   0x00018134       0x10 ./Src/i2c.o
 .debug_macro   0x00018144       0xeb ./Src/i2c_lcd.o
 .debug_macro   0x0001822f       0x6a ./Src/i2c_lcd.o
 .debug_macro   0x00018299       0xd6 ./Src/led.o
 .debug_macro   0x0001836f       0x28 ./Src/led.o
 .debug_macro   0x00018397       0x74 ./Src/led.o
 .debug_macro   0x0001840b      0x1e2 ./Src/main.o
 .debug_macro   0x000185ed       0x61 ./Src/main.o
 .debug_macro   0x0001864e       0x24 ./Src/main.o
 .debug_macro   0x00018672       0x43 ./Src/main.o
 .debug_macro   0x000186b5       0x34 ./Src/main.o
 .debug_macro   0x000186e9       0x16 ./Src/main.o
 .debug_macro   0x000186ff       0x9e ./Src/main.o
 .debug_macro   0x0001879d      0x369 ./Src/main.o
 .debug_macro   0x00018b06      0x10b ./Src/main.o
 .debug_macro   0x00018c11       0x10 ./Src/main.o
 .debug_macro   0x00018c21       0x16 ./Src/main.o
 .debug_macro   0x00018c37       0x43 ./Src/main.o
 .debug_macro   0x00018c7a       0x34 ./Src/main.o
 .debug_macro   0x00018cae       0x10 ./Src/main.o
 .debug_macro   0x00018cbe       0x58 ./Src/main.o
 .debug_macro   0x00018d16       0x8e ./Src/main.o
 .debug_macro   0x00018da4       0x1c ./Src/main.o
 .debug_macro   0x00018dc0      0x177 ./Src/main.o
 .debug_macro   0x00018f37       0x16 ./Src/main.o
 .debug_macro   0x00018f4d       0x16 ./Src/main.o
 .debug_macro   0x00018f63      0x146 ./Src/main.o
 .debug_macro   0x000190a9       0x10 ./Src/main.o
 .debug_macro   0x000190b9       0x2e ./Src/main.o
 .debug_macro   0x000190e7       0x16 ./Src/main.o
 .debug_macro   0x000190fd       0xff ./Src/sysmem.o
 .debug_macro   0x000191fc      0x23c ./Src/sysmem.o
 .debug_macro   0x00019438       0xe0 ./Src/system_stm32f4xx.o
 .debug_macro   0x00019518       0xe5 ./Src/timer.o

.debug_line     0x00000000     0x2512
 .debug_line    0x00000000      0x690 ./Src/i2c.o
 .debug_line    0x00000690      0x508 ./Src/i2c_lcd.o
 .debug_line    0x00000b98      0x4f6 ./Src/led.o
 .debug_line    0x0000108e      0x598 ./Src/main.o
 .debug_line    0x00001626      0x4d6 ./Src/sysmem.o
 .debug_line    0x00001afc      0x4f2 ./Src/system_stm32f4xx.o
 .debug_line    0x00001fee      0x4a9 ./Src/timer.o
 .debug_line    0x00002497       0x7b ./Startup/startup_stm32f407vgtx.o

.debug_str      0x00000000    0x8c429
 .debug_str     0x00000000    0x87c5d ./Src/i2c.o
                              0x87de1 (size before relaxing)
 .debug_str     0x00087c5d      0x175 ./Src/i2c_lcd.o
                              0x87dea (size before relaxing)
 .debug_str     0x00087dd2       0x88 ./Src/led.o
                              0x87d8e (size before relaxing)
 .debug_str     0x00087e5a     0x3a37 ./Src/main.o
                              0x8b7a3 (size before relaxing)
 .debug_str     0x0008b891      0x4d7 ./Src/sysmem.o
                               0x60a9 (size before relaxing)
 .debug_str     0x0008bd68       0xee ./Src/system_stm32f4xx.o
                              0x87dc6 (size before relaxing)
 .debug_str     0x0008be56      0x594 ./Src/timer.o
                              0x8828c (size before relaxing)
 .debug_str     0x0008c3ea       0x3f ./Startup/startup_stm32f407vgtx.o
                                 0x86 (size before relaxing)

.comment        0x00000000       0x43
 .comment       0x00000000       0x43 ./Src/i2c.o
                                 0x44 (size before relaxing)
 .comment       0x00000043       0x44 ./Src/i2c_lcd.o
 .comment       0x00000043       0x44 ./Src/led.o
 .comment       0x00000043       0x44 ./Src/main.o
 .comment       0x00000043       0x44 ./Src/sysmem.o
 .comment       0x00000043       0x44 ./Src/system_stm32f4xx.o
 .comment       0x00000043       0x44 ./Src/timer.o

.debug_frame    0x00000000      0x9d8
 .debug_frame   0x00000000      0x178 ./Src/i2c.o
 .debug_frame   0x00000178       0xc8 ./Src/i2c_lcd.o
 .debug_frame   0x00000240       0xd4 ./Src/led.o
 .debug_frame   0x00000314       0x30 ./Src/main.o
 .debug_frame   0x00000344       0x34 ./Src/sysmem.o
 .debug_frame   0x00000378       0x84 ./Src/system_stm32f4xx.o
 .debug_frame   0x000003fc       0x78 ./Src/timer.o
 .debug_frame   0x00000474      0x144 /home/ashay/st/stm32cubeide_1.15.0/plugins/com.st.stm32cube.ide.mcu.externaltools.gnu-tools-for-stm32.12.3.rel1.linux64_1.0.100.202403111256/tools/bin/../lib/gcc/arm-none-eabi/12.3.1/../../../../arm-none-eabi/lib/thumb/v7e-m/nofp/libc_nano.a(libc_a-findfp.o)
 .debug_frame   0x000005b8       0x6c /home/ashay/st/stm32cubeide_1.15.0/plugins/com.st.stm32cube.ide.mcu.externaltools.gnu-tools-for-stm32.12.3.rel1.linux64_1.0.100.202403111256/tools/bin/../lib/gcc/arm-none-eabi/12.3.1/../../../../arm-none-eabi/lib/thumb/v7e-m/nofp/libc_nano.a(libc_a-sprintf.o)
 .debug_frame   0x00000624       0x38 /home/ashay/st/stm32cubeide_1.15.0/plugins/com.st.stm32cube.ide.mcu.externaltools.gnu-tools-for-stm32.12.3.rel1.linux64_1.0.100.202403111256/tools/bin/../lib/gcc/arm-none-eabi/12.3.1/../../../../arm-none-eabi/lib/thumb/v7e-m/nofp/libc_nano.a(libc_a-reent.o)
 .debug_frame   0x0000065c       0x20 /home/ashay/st/stm32cubeide_1.15.0/plugins/com.st.stm32cube.ide.mcu.externaltools.gnu-tools-for-stm32.12.3.rel1.linux64_1.0.100.202403111256/tools/bin/../lib/gcc/arm-none-eabi/12.3.1/../../../../arm-none-eabi/lib/thumb/v7e-m/nofp/libc_nano.a(libc_a-errno.o)
 .debug_frame   0x0000067c       0x2c /home/ashay/st/stm32cubeide_1.15.0/plugins/com.st.stm32cube.ide.mcu.externaltools.gnu-tools-for-stm32.12.3.rel1.linux64_1.0.100.202403111256/tools/bin/../lib/gcc/arm-none-eabi/12.3.1/../../../../arm-none-eabi/lib/thumb/v7e-m/nofp/libc_nano.a(libc_a-init.o)
 .debug_frame   0x000006a8       0xb0 /home/ashay/st/stm32cubeide_1.15.0/plugins/com.st.stm32cube.ide.mcu.externaltools.gnu-tools-for-stm32.12.3.rel1.linux64_1.0.100.202403111256/tools/bin/../lib/gcc/arm-none-eabi/12.3.1/../../../../arm-none-eabi/lib/thumb/v7e-m/nofp/libc_nano.a(libc_a-lock.o)
 .debug_frame   0x00000758       0x38 /home/ashay/st/stm32cubeide_1.15.0/plugins/com.st.stm32cube.ide.mcu.externaltools.gnu-tools-for-stm32.12.3.rel1.linux64_1.0.100.202403111256/tools/bin/../lib/gcc/arm-none-eabi/12.3.1/../../../../arm-none-eabi/lib/thumb/v7e-m/nofp/libc_nano.a(libc_a-freer.o)
 .debug_frame   0x00000790       0x50 /home/ashay/st/stm32cubeide_1.15.0/plugins/com.st.stm32cube.ide.mcu.externaltools.gnu-tools-for-stm32.12.3.rel1.linux64_1.0.100.202403111256/tools/bin/../lib/gcc/arm-none-eabi/12.3.1/../../../../arm-none-eabi/lib/thumb/v7e-m/nofp/libc_nano.a(libc_a-mallocr.o)
 .debug_frame   0x000007e0       0x30 /home/ashay/st/stm32cubeide_1.15.0/plugins/com.st.stm32cube.ide.mcu.externaltools.gnu-tools-for-stm32.12.3.rel1.linux64_1.0.100.202403111256/tools/bin/../lib/gcc/arm-none-eabi/12.3.1/../../../../arm-none-eabi/lib/thumb/v7e-m/nofp/libc_nano.a(libc_a-mlock.o)
 .debug_frame   0x00000810       0x90 /home/ashay/st/stm32cubeide_1.15.0/plugins/com.st.stm32cube.ide.mcu.externaltools.gnu-tools-for-stm32.12.3.rel1.linux64_1.0.100.202403111256/tools/bin/../lib/gcc/arm-none-eabi/12.3.1/../../../../arm-none-eabi/lib/thumb/v7e-m/nofp/libc_nano.a(libc_a-nano-svfprintf.o)
 .debug_frame   0x000008a0       0x60 /home/ashay/st/stm32cubeide_1.15.0/plugins/com.st.stm32cube.ide.mcu.externaltools.gnu-tools-for-stm32.12.3.rel1.linux64_1.0.100.202403111256/tools/bin/../lib/gcc/arm-none-eabi/12.3.1/../../../../arm-none-eabi/lib/thumb/v7e-m/nofp/libc_nano.a(libc_a-nano-vfprintf_i.o)
 .debug_frame   0x00000900       0x28 /home/ashay/st/stm32cubeide_1.15.0/plugins/com.st.stm32cube.ide.mcu.externaltools.gnu-tools-for-stm32.12.3.rel1.linux64_1.0.100.202403111256/tools/bin/../lib/gcc/arm-none-eabi/12.3.1/../../../../arm-none-eabi/lib/thumb/v7e-m/nofp/libc_nano.a(libc_a-memmove.o)
 .debug_frame   0x00000928       0x2c /home/ashay/st/stm32cubeide_1.15.0/plugins/com.st.stm32cube.ide.mcu.externaltools.gnu-tools-for-stm32.12.3.rel1.linux64_1.0.100.202403111256/tools/bin/../lib/gcc/arm-none-eabi/12.3.1/../../../../arm-none-eabi/lib/thumb/v7e-m/nofp/libc_nano.a(libc_a-sbrkr.o)
 .debug_frame   0x00000954       0x28 /home/ashay/st/stm32cubeide_1.15.0/plugins/com.st.stm32cube.ide.mcu.externaltools.gnu-tools-for-stm32.12.3.rel1.linux64_1.0.100.202403111256/tools/bin/../lib/gcc/arm-none-eabi/12.3.1/../../../../arm-none-eabi/lib/thumb/v7e-m/nofp/libc_nano.a(libc_a-memcpy-stub.o)
 .debug_frame   0x0000097c       0x3c /home/ashay/st/stm32cubeide_1.15.0/plugins/com.st.stm32cube.ide.mcu.externaltools.gnu-tools-for-stm32.12.3.rel1.linux64_1.0.100.202403111256/tools/bin/../lib/gcc/arm-none-eabi/12.3.1/../../../../arm-none-eabi/lib/thumb/v7e-m/nofp/libc_nano.a(libc_a-reallocr.o)
 .debug_frame   0x000009b8       0x20 /home/ashay/st/stm32cubeide_1.15.0/plugins/com.st.stm32cube.ide.mcu.externaltools.gnu-tools-for-stm32.12.3.rel1.linux64_1.0.100.202403111256/tools/bin/../lib/gcc/arm-none-eabi/12.3.1/../../../../arm-none-eabi/lib/thumb/v7e-m/nofp/libc_nano.a(libc_a-msizer.o)

.debug_loclists
                0x00000000       0x1f
 .debug_loclists
                0x00000000       0x1f ./Src/system_stm32f4xx.o

.debug_line_str
                0x00000000       0x6a
 .debug_line_str
                0x00000000       0x6a ./Startup/startup_stm32f407vgtx.o
